---
source: tests/full_flow_insta.rs
expression: actual
---
- topic: garbage_bin/Glas/status
  payload: "{\"last_update\": \"[REDACTED]\",\"name\":\"Glas\",\"next_empty\":\"2024-04-18\"}"
- topic: garbage_bin/Mad__og_drikkekartoner/status
  payload: "{\"last_update\": \"[REDACTED]\",\"name\":\"Mad- og drikkekartoner\",\"next_empty\":\"2024-04-18\"}"
- topic: garbage_bin/Madaffald/status
  payload: "{\"last_update\": \"[REDACTED]\",\"name\":\"Madaffald\",\"next_empty\":\"2024-04-26\"}"
- topic: garbage_bin/Metal/status
  payload: "{\"last_update\": \"[REDACTED]\",\"name\":\"Metal\",\"next_empty\":\"2024-04-18\"}"
- topic: garbage_bin/Pap/status
  payload: "{\"last_update\": \"[REDACTED]\",\"name\":\"Pap\",\"next_empty\":\"2024-05-09\"}"
- topic: garbage_bin/Papir/status
  payload: "{\"last_update\": \"[REDACTED]\",\"name\":\"Papir\",\"next_empty\":\"2024-05-09\"}"
- topic: garbage_bin/Plast/status
  payload: "{\"last_update\": \"[REDACTED]\",\"name\":\"Plast\",\"next_empty\":\"2024-04-18\"}"
- topic: garbage_bin/Restaffald/status
  payload: "{\"last_update\": \"[REDACTED]\",\"name\":\"Restaffald\",\"next_empty\":\"2024-04-26\"}"
- topic: garbage_bin/Tekstiler/status
  payload: "{\"last_update\": \"[REDACTED]\",\"name\":\"Tekstiler\",\"next_empty\":\"2024-05-09\"}"
- topic: garbage_bin/availability
  payload: online
- topic: homeassistant/sensor/ha_affaldvarme_Glas/config
  payload: "{\"availability_topic\":\"garbage_bin/availability\",\"default_entity_id\":\"sensor.ha_affaldvarme_Glas\",\"device\":{\"identifiers\":[\"ha_affaldvarme\"],\"name\":\"Affaldvarme Device\"},\"icon\":\"mdi:recycle\",\"json_attributes_topic\":\"garbage_bin/Glas/status\",\"name\":\"Glas\",\"payload_available\":\"online\",\"payload_not_available\":\"offline\",\"state_topic\":\"garbage_bin/Glas/status\",\"unique_id\":\"ha_affaldvarme_Glas\",\"unit_of_measurement\":\"days\",\"value_template\":\"{{ (strptime(value_json.next_empty, '%Y-%m-%d').date() - now().date()).days }}\"}"
- topic: homeassistant/sensor/ha_affaldvarme_Mad__og_drikkekartoner/config
  payload: "{\"availability_topic\":\"garbage_bin/availability\",\"default_entity_id\":\"sensor.ha_affaldvarme_Mad__og_drikkekartoner\",\"device\":{\"identifiers\":[\"ha_affaldvarme\"],\"name\":\"Affaldvarme Device\"},\"icon\":\"mdi:recycle\",\"json_attributes_topic\":\"garbage_bin/Mad__og_drikkekartoner/status\",\"name\":\"Mad- og drikkekartoner\",\"payload_available\":\"online\",\"payload_not_available\":\"offline\",\"state_topic\":\"garbage_bin/Mad__og_drikkekartoner/status\",\"unique_id\":\"ha_affaldvarme_Mad__og_drikkekartoner\",\"unit_of_measurement\":\"days\",\"value_template\":\"{{ (strptime(value_json.next_empty, '%Y-%m-%d').date() - now().date()).days }}\"}"
- topic: homeassistant/sensor/ha_affaldvarme_Madaffald/config
  payload: "{\"availability_topic\":\"garbage_bin/availability\",\"default_entity_id\":\"sensor.ha_affaldvarme_Madaffald\",\"device\":{\"identifiers\":[\"ha_affaldvarme\"],\"name\":\"Affaldvarme Device\"},\"icon\":\"mdi:recycle\",\"json_attributes_topic\":\"garbage_bin/Madaffald/status\",\"name\":\"Madaffald\",\"payload_available\":\"online\",\"payload_not_available\":\"offline\",\"state_topic\":\"garbage_bin/Madaffald/status\",\"unique_id\":\"ha_affaldvarme_Madaffald\",\"unit_of_measurement\":\"days\",\"value_template\":\"{{ (strptime(value_json.next_empty, '%Y-%m-%d').date() - now().date()).days }}\"}"
- topic: homeassistant/sensor/ha_affaldvarme_Metal/config
  payload: "{\"availability_topic\":\"garbage_bin/availability\",\"default_entity_id\":\"sensor.ha_affaldvarme_Metal\",\"device\":{\"identifiers\":[\"ha_affaldvarme\"],\"name\":\"Affaldvarme Device\"},\"icon\":\"mdi:recycle\",\"json_attributes_topic\":\"garbage_bin/Metal/status\",\"name\":\"Metal\",\"payload_available\":\"online\",\"payload_not_available\":\"offline\",\"state_topic\":\"garbage_bin/Metal/status\",\"unique_id\":\"ha_affaldvarme_Metal\",\"unit_of_measurement\":\"days\",\"value_template\":\"{{ (strptime(value_json.next_empty, '%Y-%m-%d').date() - now().date()).days }}\"}"
- topic: homeassistant/sensor/ha_affaldvarme_Pap/config
  payload: "{\"availability_topic\":\"garbage_bin/availability\",\"default_entity_id\":\"sensor.ha_affaldvarme_Pap\",\"device\":{\"identifiers\":[\"ha_affaldvarme\"],\"name\":\"Affaldvarme Device\"},\"icon\":\"mdi:recycle\",\"json_attributes_topic\":\"garbage_bin/Pap/status\",\"name\":\"Pap\",\"payload_available\":\"online\",\"payload_not_available\":\"offline\",\"state_topic\":\"garbage_bin/Pap/status\",\"unique_id\":\"ha_affaldvarme_Pap\",\"unit_of_measurement\":\"days\",\"value_template\":\"{{ (strptime(value_json.next_empty, '%Y-%m-%d').date() - now().date()).days }}\"}"
- topic: homeassistant/sensor/ha_affaldvarme_Papir/config
  payload: "{\"availability_topic\":\"garbage_bin/availability\",\"default_entity_id\":\"sensor.ha_affaldvarme_Papir\",\"device\":{\"identifiers\":[\"ha_affaldvarme\"],\"name\":\"Affaldvarme Device\"},\"icon\":\"mdi:recycle\",\"json_attributes_topic\":\"garbage_bin/Papir/status\",\"name\":\"Papir\",\"payload_available\":\"online\",\"payload_not_available\":\"offline\",\"state_topic\":\"garbage_bin/Papir/status\",\"unique_id\":\"ha_affaldvarme_Papir\",\"unit_of_measurement\":\"days\",\"value_template\":\"{{ (strptime(value_json.next_empty, '%Y-%m-%d').date() - now().date()).days }}\"}"
- topic: homeassistant/sensor/ha_affaldvarme_Plast/config
  payload: "{\"availability_topic\":\"garbage_bin/availability\",\"default_entity_id\":\"sensor.ha_affaldvarme_Plast\",\"device\":{\"identifiers\":[\"ha_affaldvarme\"],\"name\":\"Affaldvarme Device\"},\"icon\":\"mdi:recycle\",\"json_attributes_topic\":\"garbage_bin/Plast/status\",\"name\":\"Plast\",\"payload_available\":\"online\",\"payload_not_available\":\"offline\",\"state_topic\":\"garbage_bin/Plast/status\",\"unique_id\":\"ha_affaldvarme_Plast\",\"unit_of_measurement\":\"days\",\"value_template\":\"{{ (strptime(value_json.next_empty, '%Y-%m-%d').date() - now().date()).days }}\"}"
- topic: homeassistant/sensor/ha_affaldvarme_Restaffald/config
  payload: "{\"availability_topic\":\"garbage_bin/availability\",\"default_entity_id\":\"sensor.ha_affaldvarme_Restaffald\",\"device\":{\"identifiers\":[\"ha_affaldvarme\"],\"name\":\"Affaldvarme Device\"},\"icon\":\"mdi:recycle\",\"json_attributes_topic\":\"garbage_bin/Restaffald/status\",\"name\":\"Restaffald\",\"payload_available\":\"online\",\"payload_not_available\":\"offline\",\"state_topic\":\"garbage_bin/Restaffald/status\",\"unique_id\":\"ha_affaldvarme_Restaffald\",\"unit_of_measurement\":\"days\",\"value_template\":\"{{ (strptime(value_json.next_empty, '%Y-%m-%d').date() - now().date()).days }}\"}"
- topic: homeassistant/sensor/ha_affaldvarme_Tekstiler/config
  payload: "{\"availability_topic\":\"garbage_bin/availability\",\"default_entity_id\":\"sensor.ha_affaldvarme_Tekstiler\",\"device\":{\"identifiers\":[\"ha_affaldvarme\"],\"name\":\"Affaldvarme Device\"},\"icon\":\"mdi:recycle\",\"json_attributes_topic\":\"garbage_bin/Tekstiler/status\",\"name\":\"Tekstiler\",\"payload_available\":\"online\",\"payload_not_available\":\"offline\",\"state_topic\":\"garbage_bin/Tekstiler/status\",\"unique_id\":\"ha_affaldvarme_Tekstiler\",\"unit_of_measurement\":\"days\",\"value_template\":\"{{ (strptime(value_json.next_empty, '%Y-%m-%d').date() - now().date()).days }}\"}"
- topic: homeassistant/sensor/ha_affaldvarme_device/config
  payload: "{\"availability_topic\":\"garbage_bin/availability\",\"device\":{\"identifiers\":[\"ha_affaldvarme\"],\"manufacturer\":\"Your humble rust developer\",\"model\":\"Standard\",\"name\":\"Affaldvarme Device\",\"sw_version\":\"1.0\"},\"name\":\"Affaldvarme Device\",\"payload_available\":\"online\",\"payload_not_available\":\"offline\",\"state_topic\":\"garbage_bin/availability\",\"unique_id\":\"ha_affaldvarme_device\"}"
